---
http_interactions:
- request:
    method: put
    uri: http://backend:5352/source/franz/_meta?user=user_4
    body:
      encoding: UTF-8
      string: |
        <project name="franz">
          <title>Cover Her Face</title>
          <description/>
          <person userid="peter" role="maintainer"/>
        </project>
    headers:
      Accept-Encoding:
      - gzip;q=1.0,deflate;q=0.6,identity;q=0.3
      Accept:
      - "*/*"
      User-Agent:
      - Ruby
  response:
    status:
      code: 200
      message: OK
    headers:
      Content-Type:
      - text/xml
      Cache-Control:
      - no-cache
      Connection:
      - close
      Content-Length:
      - '141'
    body:
      encoding: UTF-8
      string: |
        <project name="franz">
          <title>Cover Her Face</title>
          <description></description>
          <person userid="peter" role="maintainer"/>
        </project>
  recorded_at: Wed, 11 Jun 2025 08:22:01 GMT
- request:
    method: put
    uri: http://backend:5352/source/franz_released/_meta?user=user_5
    body:
      encoding: UTF-8
      string: |
        <project name="franz_released">
          <title>I Will Fear No Evil</title>
          <description/>
          <person userid="peter" role="maintainer"/>
        </project>
    headers:
      Accept-Encoding:
      - gzip;q=1.0,deflate;q=0.6,identity;q=0.3
      Accept:
      - "*/*"
      User-Agent:
      - Ruby
  response:
    status:
      code: 200
      message: OK
    headers:
      Content-Type:
      - text/xml
      Cache-Control:
      - no-cache
      Connection:
      - close
      Content-Length:
      - '155'
    body:
      encoding: UTF-8
      string: |
        <project name="franz_released">
          <title>I Will Fear No Evil</title>
          <description></description>
          <person userid="peter" role="maintainer"/>
        </project>
  recorded_at: Wed, 11 Jun 2025 08:22:01 GMT
- request:
    method: put
    uri: http://backend:5352/source/franz/hans/_meta?user=user_6
    body:
      encoding: UTF-8
      string: |
        <package name="hans" project="franz">
          <title>Postern of Fate</title>
          <description>Rerum voluptatem quaerat explicabo.</description>
        </package>
    headers:
      Accept-Encoding:
      - gzip;q=1.0,deflate;q=0.6,identity;q=0.3
      Accept:
      - "*/*"
      User-Agent:
      - Ruby
  response:
    status:
      code: 200
      message: OK
    headers:
      Content-Type:
      - text/xml
      Cache-Control:
      - no-cache
      Connection:
      - close
      Content-Length:
      - '147'
    body:
      encoding: UTF-8
      string: |
        <package name="hans" project="franz">
          <title>Postern of Fate</title>
          <description>Rerum voluptatem quaerat explicabo.</description>
        </package>
  recorded_at: Wed, 11 Jun 2025 08:22:01 GMT
- request:
    method: delete
    uri: http://backend:5352/source/franz?comment=&user=peter
    body:
      encoding: US-ASCII
      string: ''
    headers:
      Accept-Encoding:
      - gzip;q=1.0,deflate;q=0.6,identity;q=0.3
      Accept:
      - "*/*"
      User-Agent:
      - Ruby
  response:
    status:
      code: 200
      message: OK
    headers:
      Cache-Control:
      - no-cache
      Connection:
      - close
      Content-Length:
      - '21'
    body:
      encoding: UTF-8
      string: '<status code="ok" />

'
  recorded_at: Wed, 11 Jun 2025 08:22:01 GMT
recorded_with: VCR 6.3.1
