---
http_interactions:
- request:
    method: put
    uri: http://backend:5352/source/home:package_test_user/_meta?user=package_test_user
    body:
      encoding: UTF-8
      string: |
        <project name="home:package_test_user">
          <title/>
          <description/>
          <person userid="package_test_user" role="maintainer"/>
        </project>
    headers:
      Accept-Encoding:
      - gzip;q=1.0,deflate;q=0.6,identity;q=0.3
      Accept:
      - "*/*"
      User-Agent:
      - Ruby
  response:
    status:
      code: 200
      message: OK
    headers:
      Content-Type:
      - text/xml
      Cache-Control:
      - no-cache
      Connection:
      - close
      Content-Length:
      - '156'
    body:
      encoding: UTF-8
      string: |
        <project name="home:package_test_user">
          <title></title>
          <description></description>
          <person userid="package_test_user" role="maintainer"/>
        </project>
  recorded_at: Wed, 27 Aug 2025 15:43:18 GMT
- request:
    method: put
    uri: http://backend:5352/source/home:package_test_user/test_package/_meta?user=user_1
    body:
      encoding: UTF-8
      string: |
        <package name="test_package" project="home:package_test_user">
          <title>Far From the Madding Crowd</title>
          <description>Adipisci sapiente est debitis.</description>
        </package>
    headers:
      Accept-Encoding:
      - gzip;q=1.0,deflate;q=0.6,identity;q=0.3
      Accept:
      - "*/*"
      User-Agent:
      - Ruby
  response:
    status:
      code: 200
      message: OK
    headers:
      Content-Type:
      - text/xml
      Cache-Control:
      - no-cache
      Connection:
      - close
      Content-Length:
      - '178'
    body:
      encoding: UTF-8
      string: |
        <package name="test_package" project="home:package_test_user">
          <title>Far From the Madding Crowd</title>
          <description>Adipisci sapiente est debitis.</description>
        </package>
  recorded_at: Wed, 27 Aug 2025 15:43:18 GMT
- request:
    method: put
    uri: http://backend:5352/source/home:package_test_user/test_package/_config
    body:
      encoding: UTF-8
      string: Et impedit exercitationem. Quasi est accusantium. Minus sit aut.
    headers:
      Accept-Encoding:
      - gzip;q=1.0,deflate;q=0.6,identity;q=0.3
      Accept:
      - "*/*"
      User-Agent:
      - Ruby
  response:
    status:
      code: 200
      message: OK
    headers:
      Content-Type:
      - text/xml
      Cache-Control:
      - no-cache
      Connection:
      - close
      Content-Length:
      - '207'
    body:
      encoding: UTF-8
      string: |
        <revision rev="3" vrev="3">
          <srcmd5>447d6633c085ebfb5c81588905ded47a</srcmd5>
          <version>unknown</version>
          <time>1756309398</time>
          <user>unknown</user>
          <comment></comment>
          <requestid/>
        </revision>
  recorded_at: Wed, 27 Aug 2025 15:43:18 GMT
- request:
    method: put
    uri: http://backend:5352/source/home:package_test_user/test_package/somefile.txt
    body:
      encoding: UTF-8
      string: Enim est esse. Sed qui fugiat. Nam qui quaerat.
    headers:
      Accept-Encoding:
      - gzip;q=1.0,deflate;q=0.6,identity;q=0.3
      Accept:
      - "*/*"
      User-Agent:
      - Ruby
  response:
    status:
      code: 200
      message: OK
    headers:
      Content-Type:
      - text/xml
      Cache-Control:
      - no-cache
      Connection:
      - close
      Content-Length:
      - '207'
    body:
      encoding: UTF-8
      string: |
        <revision rev="4" vrev="4">
          <srcmd5>33ebff660715da59846370c5948f3ca3</srcmd5>
          <version>unknown</version>
          <time>1756309398</time>
          <user>unknown</user>
          <comment></comment>
          <requestid/>
        </revision>
  recorded_at: Wed, 27 Aug 2025 15:43:18 GMT
- request:
    method: put
    uri: http://backend:5352/source/home:other_package_test_user/_meta?user=other_package_test_user
    body:
      encoding: UTF-8
      string: |
        <project name="home:other_package_test_user">
          <title/>
          <description/>
          <person userid="other_package_test_user" role="maintainer"/>
        </project>
    headers:
      Accept-Encoding:
      - gzip;q=1.0,deflate;q=0.6,identity;q=0.3
      Accept:
      - "*/*"
      User-Agent:
      - Ruby
  response:
    status:
      code: 200
      message: OK
    headers:
      Content-Type:
      - text/xml
      Cache-Control:
      - no-cache
      Connection:
      - close
      Content-Length:
      - '168'
    body:
      encoding: UTF-8
      string: |
        <project name="home:other_package_test_user">
          <title></title>
          <description></description>
          <person userid="other_package_test_user" role="maintainer"/>
        </project>
  recorded_at: Wed, 27 Aug 2025 15:43:18 GMT
- request:
    method: put
    uri: http://backend:5352/source/home:other_package_test_user/branch_test_package/_meta?user=user_2
    body:
      encoding: UTF-8
      string: |
        <package name="branch_test_package" project="home:other_package_test_user">
          <title>The Daffodil Sky</title>
          <description>Reprehenderit quo cum sed.</description>
        </package>
    headers:
      Accept-Encoding:
      - gzip;q=1.0,deflate;q=0.6,identity;q=0.3
      Accept:
      - "*/*"
      User-Agent:
      - Ruby
  response:
    status:
      code: 200
      message: OK
    headers:
      Content-Type:
      - text/xml
      Cache-Control:
      - no-cache
      Connection:
      - close
      Content-Length:
      - '177'
    body:
      encoding: UTF-8
      string: |
        <package name="branch_test_package" project="home:other_package_test_user">
          <title>The Daffodil Sky</title>
          <description>Reprehenderit quo cum sed.</description>
        </package>
  recorded_at: Wed, 27 Aug 2025 15:43:18 GMT
- request:
    method: put
    uri: http://backend:5352/source/home:other_package_test_user/branch_test_package/_config
    body:
      encoding: UTF-8
      string: Cumque aliquam dolores. Itaque qui hic. Voluptas corrupti tenetur.
    headers:
      Accept-Encoding:
      - gzip;q=1.0,deflate;q=0.6,identity;q=0.3
      Accept:
      - "*/*"
      User-Agent:
      - Ruby
  response:
    status:
      code: 200
      message: OK
    headers:
      Content-Type:
      - text/xml
      Cache-Control:
      - no-cache
      Connection:
      - close
      Content-Length:
      - '207'
    body:
      encoding: UTF-8
      string: |
        <revision rev="3" vrev="3">
          <srcmd5>409f0e4b031af7c8c37eda61d25a2b0b</srcmd5>
          <version>unknown</version>
          <time>1756309398</time>
          <user>unknown</user>
          <comment></comment>
          <requestid/>
        </revision>
  recorded_at: Wed, 27 Aug 2025 15:43:18 GMT
- request:
    method: put
    uri: http://backend:5352/source/home:other_package_test_user/branch_test_package/somefile.txt
    body:
      encoding: UTF-8
      string: Reprehenderit sequi unde. Est consectetur dolor. Autem in omnis.
    headers:
      Accept-Encoding:
      - gzip;q=1.0,deflate;q=0.6,identity;q=0.3
      Accept:
      - "*/*"
      User-Agent:
      - Ruby
  response:
    status:
      code: 200
      message: OK
    headers:
      Content-Type:
      - text/xml
      Cache-Control:
      - no-cache
      Connection:
      - close
      Content-Length:
      - '207'
    body:
      encoding: UTF-8
      string: |
        <revision rev="4" vrev="4">
          <srcmd5>f4a87f4f914b45c501b47e837b794055</srcmd5>
          <version>unknown</version>
          <time>1756309398</time>
          <user>unknown</user>
          <comment></comment>
          <requestid/>
        </revision>
  recorded_at: Wed, 27 Aug 2025 15:43:18 GMT
- request:
    method: put
    uri: http://backend:5352/source/global_project/_meta?user=user_3
    body:
      encoding: UTF-8
      string: |
        <project name="global_project">
          <title>The House of Mirth</title>
          <description/>
        </project>
    headers:
      Accept-Encoding:
      - gzip;q=1.0,deflate;q=0.6,identity;q=0.3
      Accept:
      - "*/*"
      User-Agent:
      - Ruby
  response:
    status:
      code: 200
      message: OK
    headers:
      Content-Type:
      - text/xml
      Cache-Control:
      - no-cache
      Connection:
      - close
      Content-Length:
      - '109'
    body:
      encoding: UTF-8
      string: |
        <project name="global_project">
          <title>The House of Mirth</title>
          <description></description>
        </project>
  recorded_at: Wed, 27 Aug 2025 15:43:21 GMT
- request:
    method: get
    uri: http://backend:5352/build/_workerstatus
    body:
      encoding: US-ASCII
      string: ''
    headers:
      X-Request-Id:
      - 3269fd5d-e1a8-4c12-a77a-51e707575a1c
      Accept-Encoding:
      - gzip;q=1.0,deflate;q=0.6,identity;q=0.3
      Accept:
      - "*/*"
      User-Agent:
      - Ruby
  response:
    status:
      code: 200
      message: OK
    headers:
      Content-Type:
      - text/xml
      Cache-Control:
      - no-cache
      Connection:
      - close
      Content-Length:
      - '1188'
    body:
      encoding: UTF-8
      string: |
        <workerstatus clients="2">
          <idle workerid="afe1a12db768:1" hostarch="x86_64"/>
          <idle workerid="afe1a12db768:2" hostarch="x86_64"/>
          <waiting arch="i586" jobs="0"/>
          <waiting arch="x86_64" jobs="0"/>
          <blocked arch="i586" jobs="0"/>
          <blocked arch="x86_64" jobs="0"/>
          <buildavg arch="i586" buildavg="1200"/>
          <buildavg arch="x86_64" buildavg="1200"/>
          <partition>
            <daemon type="srcserver" state="running" starttime="1756308036"/>
            <daemon type="servicedispatch" state="running" starttime="1756308042"/>
            <daemon type="service" state="running" starttime="1756308042"/>
            <daemon type="scheduler" arch="i586" state="running" starttime="1756308042">
              <queue high="0" med="0" low="0" next="0"/>
            </daemon>
            <daemon type="scheduler" arch="x86_64" state="running" starttime="1756308042">
              <queue high="0" med="0" low="0" next="0"/>
            </daemon>
            <daemon type="repserver" state="running" starttime="1756308040"/>
            <daemon type="dispatcher" state="running" starttime="1756308042"/>
            <daemon type="publisher" state="running" starttime="1756308042"/>
            <daemon type="signer" state="running" starttime="1756308042"/>
          </partition>
        </workerstatus>
  recorded_at: Wed, 27 Aug 2025 15:43:21 GMT
recorded_with: VCR 6.3.1
